I'm sorry, but errors were detected in your script. Please correct the
errors listed below, and try again.


File "game/script.rpy", line 35: end of line expected.
    show luda at left xpos 0.8
                      ^

File "game/script.rpy", line 38: end of line expected.
    show nik shy at right xpos 0.8
                          ^

Ren'Py Version: Ren'Py 8.2.1.24030407
Thu Mar 21 13:05:08 2024
